
> fincentiva-crm@0.1.0 build
> react-scripts build

Creating an optimized production build...

╭── 🌼[35m daisyUI 3.9.4 [0mhttps://daisyui.com
│
├── [2m2[0m themes are enabled. How to add more themes:
│   https://daisyui.com/docs/themes
│
╰── [32m⭐️ Star daisyUI project on GitHub[0m: https://github.com/saadeghi/daisyui

Compiled with warnings.

[eslint] 
src/components/auth/ProtectedRoute.tsx
  Line 16:10:  'healthCheckRunning' is assigned a value but never used     @typescript-eslint/no-unused-vars
  Line 16:30:  'setHealthCheckRunning' is assigned a value but never used  @typescript-eslint/no-unused-vars

src/components/clients/ClientForm.tsx
  Line 108:11:  'user' is assigned a value but never used                                                                           @typescript-eslint/no-unused-vars
  Line 170:18:  'setErrors' is assigned a value but never used                                                                      @typescript-eslint/no-unused-vars
  Line 220:10:  'sectionSubmitting' is assigned a value but never used                                                              @typescript-eslint/no-unused-vars
  Line 220:29:  'setSectionSubmitting' is assigned a value but never used                                                           @typescript-eslint/no-unused-vars
  Line 223:55:  React Hook useMemo has a missing dependency: 'calculateProgress'. Either include it or remove the dependency array  react-hooks/exhaustive-deps
  Line 232:9:   'collectFieldsForStep' is assigned a value but never used                                                           @typescript-eslint/no-unused-vars

src/components/documents/DocumentUploader.tsx
  Line 61:6:  React Hook useEffect has a missing dependency: 'selectedFile'. Either include it or remove the dependency array  react-hooks/exhaustive-deps

src/components/layout/MainLayout.js
  Line 1:1:  'use strict' is unnecessary inside of modules  strict

src/components/layout/Navbar.js
  Line 1:1:    'use strict' is unnecessary inside of modules  strict
  Line 13:70:  Unexpected use of comma operator               no-sequences
  Line 17:46:  Unexpected use of comma operator               no-sequences
  Line 18:22:  Unexpected use of comma operator               no-sequences
  Line 19:22:  Unexpected use of comma operator               no-sequences
  Line 54:13:  Expected a default case                        default-case

src/components/layout/Sidebar.js
  Line 1:1:  'use strict' is unnecessary inside of modules  strict

src/components/ui/Alert.js
  Line 1:1:  'use strict' is unnecessary inside of modules  strict

src/components/ui/KanbanBoard.tsx
  Line 5:10:     'useNotifications' is defined but never used                                                                                                                                                                                                                                                                                                                              @typescript-eslint/no-unused-vars
  Line 8:3:      'approveByAdvisor' is defined but never used                                                                                                                                                                                                                                                                                                                              @typescript-eslint/no-unused-vars
  Line 10:3:     'updateApplicationStatus' is defined but never used                                                                                                                                                                                                                                                                                                                       @typescript-eslint/no-unused-vars
  Line 13:45:    'STATUS_THEME_COLORS' is defined but never used                                                                                                                                                                                                                                                                                                                           @typescript-eslint/no-unused-vars
  Line 14:28:    'APPLICATION_TYPE_LABELS' is defined but never used                                                                                                                                                                                                                                                                                                                       @typescript-eslint/no-unused-vars
  Line 22:10:    'statusEquals' is defined but never used                                                                                                                                                                                                                                                                                                                                  @typescript-eslint/no-unused-vars
  Line 22:24:    'asStatusKey' is defined but never used                                                                                                                                                                                                                                                                                                                                   @typescript-eslint/no-unused-vars
  Line 22:37:    'asStatusValue' is defined but never used                                                                                                                                                                                                                                                                                                                                 @typescript-eslint/no-unused-vars
  Line 22:52:    'withRequestedAmount' is defined but never used                                                                                                                                                                                                                                                                                                                           @typescript-eslint/no-unused-vars
  Line 34:7:     'APPLICATION_HISTORY_TABLE' is assigned a value but never used                                                                                                                                                                                                                                                                                                            @typescript-eslint/no-unused-vars
  Line 37:10:    'escapeSQLString' is defined but never used                                                                                                                                                                                                                                                                                                                               @typescript-eslint/no-unused-vars
  Line 66:7:     'toStatusString' is assigned a value but never used                                                                                                                                                                                                                                                                                                                       @typescript-eslint/no-unused-vars
  Line 107:10:   'cast' is defined but never used                                                                                                                                                                                                                                                                                                                                          @typescript-eslint/no-unused-vars
  Line 133:10:   'isLoading' is assigned a value but never used                                                                                                                                                                                                                                                                                                                            @typescript-eslint/no-unused-vars
  Line 138:10:   'columnsState' is assigned a value but never used                                                                                                                                                                                                                                                                                                                         @typescript-eslint/no-unused-vars
  Line 139:24:   'setForceRefresh' is assigned a value but never used                                                                                                                                                                                                                                                                                                                      @typescript-eslint/no-unused-vars
  Line 141:11:   'shouldFilterByEntity' is assigned a value but never used                                                                                                                                                                                                                                                                                                                 @typescript-eslint/no-unused-vars
  Line 141:33:   'getEntityFilter' is assigned a value but never used                                                                                                                                                                                                                                                                                                                      @typescript-eslint/no-unused-vars
  Line 251:6:    React Hook useEffect has an unnecessary dependency: 'getApprovalStatus'. Either exclude it or remove the dependency array. Outer scope values like 'getApprovalStatus' aren't valid dependencies because mutating them doesn't re-render the component                                                                                                                    react-hooks/exhaustive-deps
  Line 398:6:    React Hook useMemo has an unnecessary dependency: 'getApprovalStatus'. Either exclude it or remove the dependency array. Outer scope values like 'getApprovalStatus' aren't valid dependencies because mutating them doesn't re-render the component                                                                                                                      react-hooks/exhaustive-deps
  Line 469:6:    React Hook useEffect has a missing dependency: 'loadApprovalStatuses'. Either include it or remove the dependency array                                                                                                                                                                                                                                                   react-hooks/exhaustive-deps
  Line 525:6:    React Hook useEffect has a missing dependency: 'appsWithApproval'. Either include it or remove the dependency array                                                                                                                                                                                                                                                       react-hooks/exhaustive-deps
  Line 529:9:    'groupedApplications' is assigned a value but never used                                                                                                                                                                                                                                                                                                                  @typescript-eslint/no-unused-vars
  Line 667:6:    React Hook React.useMemo has an unnecessary dependency: 'isAdvisor'. Either exclude it or remove the dependency array                                                                                                                                                                                                                                                     react-hooks/exhaustive-deps
  Line 790:9:    'debouncedLoadApprovalStatuses' is assigned a value but never used                                                                                                                                                                                                                                                                                                        @typescript-eslint/no-unused-vars
  Line 992:6:    React Hook useMemo has unnecessary dependencies: 'getApplicationById' and 'getApprovalStatus'. Either exclude them or remove the dependency array. Outer scope values like 'getApplicationById' aren't valid dependencies because mutating them doesn't re-render the component                                                                                           react-hooks/exhaustive-deps
  Line 1053:9:   'updateLocalApprovalStatus' is assigned a value but never used                                                                                                                                                                                                                                                                                                            @typescript-eslint/no-unused-vars
  Line 1559:9:   'updateCardStatus' is assigned a value but never used                                                                                                                                                                                                                                                                                                                     @typescript-eslint/no-unused-vars
  Line 2151:6:   React Hook useEffect has a missing dependency: 'appsWithApproval'. Either include it or remove the dependency array                                                                                                                                                                                                                                                       react-hooks/exhaustive-deps
  Line 2448:23:  The href attribute is required for an anchor to be keyboard accessible. Provide a valid, navigable address as the href value. If you cannot provide an href, but still need the element to resemble a link, use a button and change it with appropriate styles. Learn more: https://github.com/jsx-eslint/eslint-plugin-jsx-a11y/blob/HEAD/docs/rules/anchor-is-valid.md  jsx-a11y/anchor-is-valid
  Line 2449:23:  The href attribute is required for an anchor to be keyboard accessible. Provide a valid, navigable address as the href value. If you cannot provide an href, but still need the element to resemble a link, use a button and change it with appropriate styles. Learn more: https://github.com/jsx-eslint/eslint-plugin-jsx-a11y/blob/HEAD/docs/rules/anchor-is-valid.md  jsx-a11y/anchor-is-valid

src/components/ui/NotificationPanel.js
  Line 1:1:  'use strict' is unnecessary inside of modules  strict

src/components/ui/NotificationPopup.js
  Line 1:1:     'use strict' is unnecessary inside of modules       strict
  Line 94:248:  'relatedItemId' is assigned a value but never used  no-unused-vars
  Line 291:25:  'amountElem' is already defined                     no-redeclare
  Line 298:25:  'amountElem' is already defined                     no-redeclare

src/components/ui/charts/StatusDistributionChart.tsx
  Line 4:10:  'APPLICATION_STATUS' is defined but never used  @typescript-eslint/no-unused-vars

src/contexts/AuthContext.js
  Line 1:1:      'use strict' is unnecessary inside of modules  strict
  Line 13:70:    Unexpected use of comma operator               no-sequences
  Line 17:46:    Unexpected use of comma operator               no-sequences
  Line 18:22:    Unexpected use of comma operator               no-sequences
  Line 19:22:    Unexpected use of comma operator               no-sequences
  Line 166:13:   Unreachable code                               no-unreachable
  Line 170:111:  'data' is already defined                      no-redeclare
  Line 170:117:  'queryError' is already defined                no-redeclare
  Line 170:133:  'data' is already defined                      no-redeclare
  Line 170:139:  'queryError' is already defined                no-redeclare
  Line 171:13:   '_d' is defined but never used                 no-unused-vars
  Line 173:13:   Expected a default case                        default-case
  Line 187:17:   Expected a 'break' statement before 'case'     no-fallthrough
  Line 188:34:   Unexpected comma in middle of array            no-sparse-arrays
  Line 197:35:   Unexpected use of comma operator               no-sequences
  Line 226:35:   Unexpected use of comma operator               no-sequences
  Line 241:35:   Unexpected use of comma operator               no-sequences
  Line 250:17:   Expected a 'break' statement before 'case'     no-fallthrough

src/contexts/NotificationContext.js
  Line 1:1:      'use strict' is unnecessary inside of modules      strict
  Line 24:70:    Unexpected use of comma operator                   no-sequences
  Line 28:46:    Unexpected use of comma operator                   no-sequences
  Line 29:22:    Unexpected use of comma operator                   no-sequences
  Line 30:22:    Unexpected use of comma operator                   no-sequences
  Line 75:10:    'getTestApplicationId' is defined but never used   no-unused-vars
  Line 211:13:   Expected a default case                            default-case
  Line 213:34:   Unexpected comma in middle of array                no-sparse-arrays
  Line 221:35:   Unexpected use of comma operator                   no-sequences
  Line 385:13:   Expected a default case                            default-case
  Line 387:34:   Unexpected comma in middle of array                no-sparse-arrays
  Line 395:35:   Unexpected use of comma operator                   no-sequences
  Line 440:277:  'fetchError_1' is assigned a value but never used  no-unused-vars
  Line 442:13:   Expected a default case                            default-case
  Line 450:17:   Expected a 'break' statement before 'case'         no-fallthrough
  Line 456:17:   Expected a 'break' statement before 'case'         no-fallthrough
  Line 457:34:   Unexpected comma in middle of array                no-sparse-arrays
  Line 643:17:   Expected a 'break' statement before 'case'         no-fallthrough

src/contexts/PermissionsContext.js
  Line 1:1:    'use strict' is unnecessary inside of modules            strict
  Line 13:70:  Unexpected use of comma operator                         no-sequences
  Line 17:46:  Unexpected use of comma operator                         no-sequences
  Line 18:22:  Unexpected use of comma operator                         no-sequences
  Line 19:22:  Unexpected use of comma operator                         no-sequences
  Line 57:41:  'userPermissions' is assigned a value but never used     no-unused-vars
  Line 57:66:  'setUserPermissions' is assigned a value but never used  no-unused-vars

src/lib/supabaseClient.js
  Line 1:1:  'use strict' is unnecessary inside of modules  strict

src/pages/ApplicationDetail.js
  Line 1:1:     'use strict' is unnecessary inside of modules             strict
  Line 13:70:   Unexpected use of comma operator                          no-sequences
  Line 17:46:   Unexpected use of comma operator                          no-sequences
  Line 18:22:   Unexpected use of comma operator                          no-sequences
  Line 19:22:   Unexpected use of comma operator                          no-sequences
  Line 57:61:   'addNotification' is assigned a value but never used      no-unused-vars
  Line 69:17:   Expected a default case                                   default-case
  Line 118:27:  'result' is assigned a value but never used               no-unused-vars
  Line 120:13:  Expected a default case                                   default-case
  Line 125:17:  Expected a 'break' statement before 'case'                no-fallthrough
  Line 170:27:  'result' is assigned a value but never used               no-unused-vars
  Line 172:13:  Expected a default case                                   default-case
  Line 177:17:  Expected a 'break' statement before 'case'                no-fallthrough
  Line 227:13:  Expected a default case                                   default-case
  Line 232:17:  Expected a 'break' statement before 'case'                no-fallthrough
  Line 273:13:  Expected a default case                                   default-case
  Line 278:17:  Expected a 'break' statement before 'case'                no-fallthrough
  Line 288:17:  Expected a 'break' statement before 'case'                no-fallthrough
  Line 289:34:  Unexpected comma in middle of array                       no-sparse-arrays
  Line 382:9:   'getProductTypeLabel' is assigned a value but never used  no-unused-vars
  Line 405:30:  'key' is already defined                                  no-redeclare
  Line 405:43:  'value' is already defined                                no-redeclare

src/pages/Applications.tsx
  Line 9:10:   'APPLICATION_TYPE' is defined but never used         @typescript-eslint/no-unused-vars
  Line 10:10:  'APPLICATION_STATUS' is defined but never used       @typescript-eslint/no-unused-vars
  Line 11:10:  'formatCurrency' is defined but never used           @typescript-eslint/no-unused-vars
  Line 15:11:  'user' is assigned a value but never used            @typescript-eslint/no-unused-vars
  Line 79:9:   'getStatusClass' is assigned a value but never used  @typescript-eslint/no-unused-vars
  Line 94:9:   'getStatusText' is assigned a value but never used   @typescript-eslint/no-unused-vars
  Line 98:9:   'getTypeText' is assigned a value but never used     @typescript-eslint/no-unused-vars

src/pages/ApplicationsKanban.tsx
  Line 138:13:  'updatedApplication' is assigned a value but never used  @typescript-eslint/no-unused-vars

src/pages/Clients.tsx
  Line 33:6:  React Hook useEffect has a missing dependency: 'fetchClients'. Either include it or remove the dependency array                       react-hooks/exhaustive-deps
  Line 47:6:  React Hook useEffect has missing dependencies: 'fetchClients' and 'filters.page'. Either include them or remove the dependency array  react-hooks/exhaustive-deps

src/pages/Dashboard.tsx
  Line 65:17:  'setError' is assigned a value but never used                                                                 @typescript-eslint/no-unused-vars
  Line 66:23:  'setPartialData' is assigned a value but never used                                                           @typescript-eslint/no-unused-vars
  Line 73:10:  'pendingApproval' is assigned a value but never used                                                          @typescript-eslint/no-unused-vars
  Line 97:9:   'createFallbackGeneralStats' is assigned a value but never used                                               @typescript-eslint/no-unused-vars
  Line 113:9:  'createFallbackAdvisorStats' is assigned a value but never used                                               @typescript-eslint/no-unused-vars
  Line 139:9:  'createFallbackCompanyStats' is assigned a value but never used                                               @typescript-eslint/no-unused-vars
  Line 242:6:  React Hook useEffect has a missing dependency: 'loadStats'. Either include it or remove the dependency array  react-hooks/exhaustive-deps
  Line 245:9:  'handleFilterChange' is assigned a value but never used                                                       @typescript-eslint/no-unused-vars

src/pages/EditClient.tsx
  Line 6:63:   'uploadClientDocuments' is defined but never used        @typescript-eslint/no-unused-vars
  Line 7:30:   'Document' is defined but never used                     @typescript-eslint/no-unused-vars
  Line 8:8:    'Alert' is defined but never used                        @typescript-eslint/no-unused-vars
  Line 20:7:   'DEFAULT_COMPANY_ID' is assigned a value but never used  @typescript-eslint/no-unused-vars
  Line 30:10:  'loadingDocuments' is assigned a value but never used    @typescript-eslint/no-unused-vars

src/pages/Messages.tsx
  Line 1:27:   'useEffect' is defined but never used                   @typescript-eslint/no-unused-vars
  Line 8:9:    'navigate' is assigned a value but never used           @typescript-eslint/no-unused-vars
  Line 9:11:   'user' is assigned a value but never used               @typescript-eslint/no-unused-vars
  Line 10:10:  'selectedUserId' is assigned a value but never used     @typescript-eslint/no-unused-vars
  Line 10:26:  'setSelectedUserId' is assigned a value but never used  @typescript-eslint/no-unused-vars
  Line 11:10:  'loading' is assigned a value but never used            @typescript-eslint/no-unused-vars
  Line 11:19:  'setLoading' is assigned a value but never used         @typescript-eslint/no-unused-vars
  Line 12:10:  'error' is assigned a value but never used              @typescript-eslint/no-unused-vars
  Line 12:17:  'setError' is assigned a value but never used           @typescript-eslint/no-unused-vars

src/pages/NewClient.tsx
  Line 1:27:   'useContext' is defined but never used                     @typescript-eslint/no-unused-vars
  Line 6:62:   'uploadClientDocuments' is defined but never used          @typescript-eslint/no-unused-vars
  Line 7:8:    'Alert' is defined but never used                          @typescript-eslint/no-unused-vars
  Line 16:10:  'sectionSubmitting' is assigned a value but never used     @typescript-eslint/no-unused-vars
  Line 21:10:  'documents' is assigned a value but never used             @typescript-eslint/no-unused-vars
  Line 21:21:  'setDocuments' is assigned a value but never used          @typescript-eslint/no-unused-vars
  Line 22:9:   'location' is assigned a value but never used              @typescript-eslint/no-unused-vars
  Line 243:9:  'ensureRequiredFields' is assigned a value but never used  @typescript-eslint/no-unused-vars

src/pages/auth/Login.tsx
  Line 112:13:  The href attribute is required for an anchor to be keyboard accessible. Provide a valid, navigable address as the href value. If you cannot provide an href, but still need the element to resemble a link, use a button and change it with appropriate styles. Learn more: https://github.com/jsx-eslint/eslint-plugin-jsx-a11y/blob/HEAD/docs/rules/anchor-is-valid.md  jsx-a11y/anchor-is-valid
  Line 118:13:  The href attribute is required for an anchor to be keyboard accessible. Provide a valid, navigable address as the href value. If you cannot provide an href, but still need the element to resemble a link, use a button and change it with appropriate styles. Learn more: https://github.com/jsx-eslint/eslint-plugin-jsx-a11y/blob/HEAD/docs/rules/anchor-is-valid.md  jsx-a11y/anchor-is-valid

src/services/applicationService.js
  Line 1:1:     'use strict' is unnecessary inside of modules  strict
  Line 13:70:   Unexpected use of comma operator               no-sequences
  Line 17:46:   Unexpected use of comma operator               no-sequences
  Line 18:22:   Unexpected use of comma operator               no-sequences
  Line 19:22:   Unexpected use of comma operator               no-sequences
  Line 54:9:    Expected a default case                        default-case
  Line 56:30:   Unexpected comma in middle of array            no-sparse-arrays
  Line 110:31:  Unexpected use of comma operator               no-sequences
  Line 185:9:   Expected a default case                        default-case
  Line 198:13:  Expected a 'break' statement before 'case'     no-fallthrough
  Line 199:30:  Unexpected comma in middle of array            no-sparse-arrays
  Line 220:9:   Expected a default case                        default-case
  Line 228:13:  Expected a 'break' statement before 'case'     no-fallthrough
  Line 229:30:  Unexpected comma in middle of array            no-sparse-arrays
  Line 247:9:   Expected a default case                        default-case
  Line 267:13:  Expected a 'break' statement before 'case'     no-fallthrough
  Line 268:30:  Unexpected comma in middle of array            no-sparse-arrays
  Line 289:9:   Expected a default case                        default-case
  Line 293:13:  Expected a 'break' statement before 'case'     no-fallthrough
  Line 294:30:  Unexpected comma in middle of array            no-sparse-arrays
  Line 311:31:  Unexpected use of comma operator               no-sequences
  Line 346:31:  Unexpected use of comma operator               no-sequences
  Line 359:13:  Expected a 'break' statement before 'case'     no-fallthrough
  Line 360:30:  Unexpected comma in middle of array            no-sparse-arrays
  Line 396:9:   Expected a default case                        default-case
  Line 403:13:  Expected a 'break' statement before 'case'     no-fallthrough
  Line 404:30:  Unexpected comma in middle of array            no-sparse-arrays
  Line 418:31:  Unexpected use of comma operator               no-sequences
  Line 466:9:   Expected a default case                        default-case
  Line 473:13:  Expected a 'break' statement before 'case'     no-fallthrough
  Line 474:30:  Unexpected comma in middle of array            no-sparse-arrays
  Line 486:31:  Unexpected use of comma operator               no-sequences
  Line 529:9:   Expected a default case                        default-case
  Line 536:13:  Expected a 'break' statement before 'case'     no-fallthrough
  Line 537:30:  Unexpected comma in middle of array            no-sparse-arrays
  Line 550:31:  Unexpected use of comma operator               no-sequences
  Line 584:81:  'cachedData' is already defined                no-redeclare
  Line 584:93:  'parsedData' is already defined                no-redeclare
  Line 586:9:   Expected a default case                        default-case
  Line 600:13:  Expected a 'break' statement before 'case'     no-fallthrough
  Line 601:30:  Unexpected comma in middle of array            no-sparse-arrays
  Line 676:9:   Expected a default case                        default-case
  Line 689:13:  Expected a 'break' statement before 'case'     no-fallthrough
  Line 690:30:  Unexpected comma in middle of array            no-sparse-arrays
  Line 708:9:   Expected a default case                        default-case
  Line 725:13:  Expected a 'break' statement before 'case'     no-fallthrough
  Line 728:13:  Expected a 'break' statement before 'case'     no-fallthrough
  Line 729:30:  Unexpected comma in middle of array            no-sparse-arrays
  Line 745:9:   Expected a default case                        default-case
  Line 762:13:  Expected a 'break' statement before 'case'     no-fallthrough
  Line 765:13:  Expected a 'break' statement before 'case'     no-fallthrough
  Line 766:30:  Unexpected comma in middle of array            no-sparse-arrays
  Line 784:9:   Expected a default case                        default-case
  Line 801:13:  Expected a 'break' statement before 'case'     no-fallthrough
  Line 804:13:  Expected a 'break' statement before 'case'     no-fallthrough
  Line 805:30:  Unexpected comma in middle of array            no-sparse-arrays

src/services/clientService.ts
  Line 1:10:   'supabase' is defined but never used                @typescript-eslint/no-unused-vars
  Line 1:20:   'getAuthenticatedClient' is defined but never used  @typescript-eslint/no-unused-vars
  Line 14:10:  'parseNumericString' is defined but never used      @typescript-eslint/no-unused-vars
  Line 14:30:  'processNumericField' is defined but never used     @typescript-eslint/no-unused-vars

src/services/dashboardService.ts
  Line 8:3:  'QueryResult' is defined but never used  @typescript-eslint/no-unused-vars

src/services/documentService.ts
  Line 268:23:  'publicUrlData' is assigned a value but never used  @typescript-eslint/no-unused-vars

src/services/exportService.js
  Line 166:1:  Assign object to a variable before exporting as module default  import/no-anonymous-default-export

src/services/supabaseService.js
  Line 237:1:  Assign object to a variable before exporting as module default  import/no-anonymous-default-export

src/utils/constants/applications.js
  Line 1:1:  'use strict' is unnecessary inside of modules  strict

src/utils/constants/permissions.js
  Line 1:1:  'use strict' is unnecessary inside of modules  strict

src/utils/constants/roles.js
  Line 1:1:  'use strict' is unnecessary inside of modules  strict

src/utils/constants/statuses.js
  Line 1:1:  'use strict' is unnecessary inside of modules  strict

src/utils/constants/tables.js
  Line 1:1:  'use strict' is unnecessary inside of modules  strict

src/utils/databaseUtils.js
  Line 1:1:     'use strict' is unnecessary inside of modules          strict
  Line 13:70:   Unexpected use of comma operator                       no-sequences
  Line 17:46:   Unexpected use of comma operator                       no-sequences
  Line 18:22:   Unexpected use of comma operator                       no-sequences
  Line 19:22:   Unexpected use of comma operator                       no-sequences
  Line 43:5:    'SUPABASE_URL' is assigned a value but never used      no-unused-vars
  Line 44:5:    'SERVICE_ROLE_KEY' is assigned a value but never used  no-unused-vars
  Line 82:13:   'fromMatch' is already defined                         no-redeclare
  Line 108:9:   Expected a default case                                default-case
  Line 114:13:  Expected a 'break' statement before 'case'             no-fallthrough
  Line 115:30:  Unexpected comma in middle of array                    no-sparse-arrays
  Line 129:31:  Unexpected use of comma operator                       no-sequences
  Line 153:9:   Expected a default case                                default-case
  Line 155:30:  Unexpected comma in middle of array                    no-sparse-arrays
  Line 183:18:  'data' is assigned a value but never used              no-unused-vars
  Line 185:9:   Expected a default case                                default-case
  Line 192:13:  Expected a 'break' statement before 'case'             no-fallthrough
  Line 193:30:  Unexpected comma in middle of array                    no-sparse-arrays
  Line 197:31:  Unexpected use of comma operator                       no-sequences
  Line 220:9:   Expected a default case                                default-case
  Line 229:13:  Expected a 'break' statement before 'case'             no-fallthrough
  Line 230:30:  Unexpected comma in middle of array                    no-sparse-arrays
  Line 232:52:  Unexpected use of comma operator                       no-sequences
  Line 243:13:  Expected a 'break' statement before 'case'             no-fallthrough
  Line 244:30:  Unexpected comma in middle of array                    no-sparse-arrays
  Line 276:13:  Expected a 'break' statement before 'case'             no-fallthrough
  Line 277:30:  Unexpected comma in middle of array                    no-sparse-arrays
  Line 315:13:  'data' is assigned a value but never used              no-unused-vars
  Line 317:9:   Expected a default case                                default-case
  Line 319:30:  Unexpected comma in middle of array                    no-sparse-arrays
  Line 323:31:  Unexpected use of comma operator                       no-sequences
  Line 398:9:   Expected a default case                                default-case
  Line 404:13:  Expected a 'break' statement before 'case'             no-fallthrough
  Line 405:30:  Unexpected comma in middle of array                    no-sparse-arrays
  Line 412:31:  Unexpected use of comma operator                       no-sequences

src/utils/documentUpload.ts
  Line 212:17:  'data' is assigned a value but never used       @typescript-eslint/no-unused-vars
  Line 385:19:  'data' is assigned a value but never used       @typescript-eslint/no-unused-vars
  Line 407:11:  'lastError' is assigned a value but never used  @typescript-eslint/no-unused-vars

src/utils/formatters.js
  Line 1:1:  'use strict' is unnecessary inside of modules  strict

Search for the keywords to learn more about each warning.
To ignore, add // eslint-disable-next-line to the line before.

File sizes after gzip:


The project was built assuming it is hosted at /.
You can control this with the homepage field in your package.json.

The build folder is ready to be deployed.
You may serve it with a static server:

  npm install -g serve
  serve -s build

Find out more about deployment here:

  https://cra.link/deployment

